../../Middlewares/ST/touchgfx/framework/include/touchgfx/Screen.hpp:104:18:virtual void touchgfx::Screen::afterTransition()	0	static
../../Middlewares/ST/touchgfx/framework/include/touchgfx/Screen.hpp:154:18:virtual void touchgfx::Screen::handleKeyEvent(uint8_t)	0	static
C:/TouchGFXProjects/Dino/TouchGFX/gui/src/screen1_screen/Screen1View.cpp:64:6:virtual void Screen1View::tearDownScreen()	0	static
../../TouchGFX/gui/include/gui/screen1_screen/Screen1View.hpp:24:13:Screen1View::~Screen1View()	8	static
../../TouchGFX/gui/include/gui/screen1_screen/Screen1View.hpp:24:13:virtual Screen1View::~Screen1View()	8	static
C:/TouchGFXProjects/Dino/TouchGFX/gui/src/screen1_screen/Screen1View.cpp:69:6:virtual void Screen1View::onTapAreaPressed()	0	static
C:/TouchGFXProjects/Dino/TouchGFX/gui/src/screen1_screen/Screen1View.cpp:6:1:Screen1View::Screen1View()	8	static
C:/TouchGFXProjects/Dino/TouchGFX/gui/src/screen1_screen/Screen1View.cpp:57:6:void Screen1View::startBuzzer()	0	static
C:/TouchGFXProjects/Dino/TouchGFX/gui/src/screen1_screen/Screen1View.cpp:29:6:virtual void Screen1View::setupScreen()	8	static
C:/TouchGFXProjects/Dino/TouchGFX/gui/src/screen1_screen/Screen1View.cpp:82:6:virtual void Screen1View::handleTickEvent()	40	static
